# Path: ../Test/exe/UART_RP2040_Test.out
# Arch: arm64
# Object files:
[  0] linker synthesized
[  1] /private/var/folders/9y/hd568fcs70xfw9m18lfx1v_40000gn/T/UART_RP2040_TestRunner-968e47.o
[  2] /private/var/folders/9y/hd568fcs70xfw9m18lfx1v_40000gn/T/UART_RP2040_Tests-9754a6.o
[  3] /private/var/folders/9y/hd568fcs70xfw9m18lfx1v_40000gn/T/UART_RP2040-e64c73.o
[  4] /private/var/folders/9y/hd568fcs70xfw9m18lfx1v_40000gn/T/UART_RP2040_Mocks-e8db2b.o
[  5] /private/var/folders/9y/hd568fcs70xfw9m18lfx1v_40000gn/T/UART_RP2040_cfg-faa62d.o
[  6] /private/var/folders/9y/hd568fcs70xfw9m18lfx1v_40000gn/T/unity-373b26.o
[  7] /private/var/folders/9y/hd568fcs70xfw9m18lfx1v_40000gn/T/RingBuffer-d4d0d6.o
[  8] /private/var/folders/9y/hd568fcs70xfw9m18lfx1v_40000gn/T/MemPool-350ecf.o
[  9] /Library/Developer/CommandLineTools/SDKs/MacOSX15.1.sdk/usr/lib/system/libsystem_c.tbd
[ 10] /Library/Developer/CommandLineTools/SDKs/MacOSX15.1.sdk/usr/lib/system/libsystem_malloc.tbd
[ 11] /Library/Developer/CommandLineTools/SDKs/MacOSX15.1.sdk/usr/lib/system/libsystem_platform.tbd
# Sections:
# Address	Size    	Segment	Section
0x1000040E8	0x000067A4	__TEXT	__text
0x10000A88C	0x00000054	__TEXT	__stubs
0x10000A8E0	0x000003F7	__TEXT	__cstring
0x10000ACD8	0x0000125A	__TEXT	__const
0x10000BF34	0x000000C8	__TEXT	__unwind_info
0x10000C000	0x00000040	__DATA_CONST	__got
0x10000C040	0x00000020	__DATA_CONST	__const
0x100010000	0x0000000D	__DATA	__data
0x100010010	0x000011D8	__DATA	__common
0x1000111E8	0x00000008	__DATA	__bss
# Symbols:
# Address	Size    	File  Name
0x1000040E8	0x00000018	[  1] _resetTest
0x100004100	0x0000069C	[  1] _main
0x10000479C	0x00000028	[  2] _setUp
0x1000047C4	0x00000018	[  2] _tearDown
0x1000047DC	0x0000004C	[  2] _test_UART_InitSync_ReturnsOk
0x100004828	0x00000048	[  2] _test_UART_InitSync_ReturnsNotOk_ConfigPointerNull
0x100004870	0x0000005C	[  2] _test_UART_InitSync_ReturnsNotOk_ConfigPointerIncompatible
0x1000048CC	0x0000009C	[  2] _test_UART_InitSync_ReturnsOk_IBRD_FBRD_Correct
0x100004968	0x0000009C	[  2] _test_UART_InitSync_ReturnsOk_LCR_CR_Correct
0x100004A04	0x00000070	[  2] _test_UART_TransferSync_ReturnsOK
0x100004A74	0x0000009C	[  2] _test_UART_TransferSync_ReturnsOK_TxDataIsBuffered
0x100004B10	0x0000006C	[  2] _test_UART_TransferSync_ReturnsNotOk_InputParamFailure_ZeroDataBytes
0x100004B7C	0x00000068	[  2] _test_UART_TransferSync_ReturnsNotOk_InputParamFailure_NULLbuffer
0x100004BE4	0x000000DC	[  2] _test_UART_TransferSync_ReturnsBusy_TxFifoIsFull
0x100004CC0	0x000000A8	[  2] _test_UART_TransferSync_ReturnsOK_1Byte
0x100004D68	0x000000DC	[  2] _test_UART_TransferSync_ReturnsOK_8Byte
0x100004E44	0x0000010C	[  2] _test_UART_TransferSync_ReturnsOK_TrasnferOneMillionMessages
0x100004F50	0x00000114	[  3] _UART_RP2040_InitSync
0x100005064	0x000000EC	[  3] _UART_RP2040_TransferSync
0x100005150	0x000000E4	[  3] _UART_RP2040_TransferByte
0x100005234	0x00000204	[  4] _printUARTLive
0x100005438	0x00000068	[  4] _printJustOneMember
0x1000054A0	0x00000080	[  4] _MOCK_UART_PROCESS_TXFIFO
0x100005520	0x000000C0	[  4] _MOCK_UART_PROCESS_UARTDR
0x1000055E0	0x00000018	[  4] _MOCK_UART_UPDATE
0x1000055F8	0x00000058	[  4] _MOCK_UART_INIT
0x100005650	0x00000070	[  6] _UnityPrint
0x1000056C0	0x000000E0	[  6] _UnityPrintChar
0x1000057A0	0x00000164	[  6] _UnityPrintLen
0x100005904	0x000000C8	[  6] _UnityPrintNumberHex
0x1000059CC	0x00000174	[  6] _UnityPrintNumberByStyle
0x100005B40	0x0000005C	[  6] _UnityPrintNumber
0x100005B9C	0x000000B0	[  6] _UnityPrintNumberUnsigned
0x100005C4C	0x000000BC	[  6] _UnityPrintMask
0x100005D08	0x000007D0	[  6] _UnityPrintFloat
0x1000064D8	0x000000C0	[  6] _UnityConcludeTest
0x100006598	0x0000005C	[  6] _UnityTestResultsBegin
0x1000065F4	0x00000108	[  6] _UnityAssertBits
0x1000066FC	0x00000044	[  6] _UnityTestResultsFailBegin
0x100006740	0x000000CC	[  6] _UnityAddMsgIfSpecified
0x10000680C	0x000000F8	[  6] _UnityAssertEqualNumber
0x100006904	0x000002D4	[  6] _UnityAssertGreaterOrLessOrEqualNumber
0x100006BD8	0x00000430	[  6] _UnityAssertEqualIntArray
0x100007008	0x00000020	[  6] lJTI16_0
0x100007028	0x000000CC	[  6] _UnityIsOneArrayNull
0x1000070F4	0x00000468	[  6] _UnityAssertWithinFloatArray
0x10000755C	0x000004F0	[  6] _UnityFloatsWithin
0x100007A4C	0x00000100	[  6] _UnityAssertFloatsWithin
0x100007B4C	0x000000F8	[  6] _UnityAssertFloatsNotWithin
0x100007C44	0x0000020C	[  6] _UnityAssertGreaterOrLessFloat
0x100007E50	0x00000500	[  6] _UnityAssertFloatSpecial
0x100008350	0x00000024	[  6] lJTI23_0
0x100008374	0x00000228	[  6] _UnityAssertNumbersWithin
0x10000859C	0x000005EC	[  6] _UnityAssertNumbersArrayWithin
0x100008B88	0x00000020	[  6] lJTI25_0
0x100008BA8	0x000001E4	[  6] _UnityAssertEqualString
0x100008D8C	0x000000C0	[  6] _UnityPrintExpectedAndActualStrings
0x100008E4C	0x00000218	[  6] _UnityAssertEqualStringLen
0x100009064	0x000000CC	[  6] _UnityPrintExpectedAndActualStringsLen
0x100009130	0x00000350	[  6] _UnityAssertEqualStringArray
0x100009480	0x00000338	[  6] _UnityAssertEqualMemory
0x1000097B8	0x000000C8	[  6] _UnityNumToPtr
0x100009880	0x00000024	[  6] _UnityFloatToPtr
0x1000098A4	0x00000178	[  6] _UnityFail
0x100009A1C	0x000000D8	[  6] _UnityIgnore
0x100009AF4	0x00000078	[  6] _UnityMessage
0x100009B6C	0x000000CC	[  6] _UnityDefaultTestRun
0x100009C38	0x00000020	[  6] _UnitySetTestFile
0x100009C58	0x00000058	[  6] _UnityBegin
0x100009CB0	0x000000E0	[  6] _UnityEnd
0x100009D90	0x000001E0	[  7] _RingBuffer_Create
0x100009F70	0x00000164	[  7] _RingBuffer_Write
0x10000A0D4	0x00000160	[  7] _RingBuffer_Read
0x10000A234	0x0000017C	[  8] _MemPool_Create
0x10000A3B0	0x00000250	[  8] _MemPool_Alloc
0x10000A600	0x00000134	[  8] _MemPool_Free
0x10000A734	0x00000094	[  8] _MemPool_CheckAddressAndRangeContained
0x10000A7C8	0x00000094	[  8] _MemPool_GetGlobalMemPool
0x10000A85C	0x00000030	[  8] _MemPool_ClearInternalMemPool
0x10000A88C	0x0000000C	[  9] ___stack_chk_fail.stub
0x10000A898	0x0000000C	[ 10] _aligned_alloc.stub
0x10000A8A4	0x0000000C	[ 11] _longjmp.stub
0x10000A8B0	0x0000000C	[  9] _memcpy.stub
0x10000A8BC	0x0000000C	[  9] _printf.stub
0x10000A8C8	0x0000000C	[  9] _putchar.stub
0x10000A8D4	0x0000000C	[ 11] _setjmp.stub
0x10000A8E0	0x00000019	[  1] literal string: "test/UART_RP2040_Tests.c"
0x10000A8F9	0x00000018	[  1] literal string: "Address of mempool: %p\n"
0x10000A911	0x00000017	[  1] literal string: "Length of mempool: %p\n"
0x10000A928	0x0000001D	[  1] literal string: "test_UART_InitSync_ReturnsOk"
0x10000A945	0x00000032	[  1] literal string: "test_UART_InitSync_ReturnsNotOk_ConfigPointerNull"
0x10000A977	0x0000003A	[  1] literal string: "test_UART_InitSync_ReturnsNotOk_ConfigPointerIncompatible"
0x10000A9B1	0x0000002F	[  1] literal string: "test_UART_InitSync_ReturnsOk_IBRD_FBRD_Correct"
0x10000A9E0	0x0000002C	[  1] literal string: "test_UART_InitSync_ReturnsOk_LCR_CR_Correct"
0x10000AA0C	0x00000021	[  1] literal string: "test_UART_TransferSync_ReturnsOK"
0x10000AA2D	0x00000032	[  1] literal string: "test_UART_TransferSync_ReturnsOK_TxDataIsBuffered"
0x10000AA5F	0x00000044	[  1] literal string: "test_UART_TransferSync_ReturnsNotOk_InputParamFailure_ZeroDataBytes"
0x10000AAA3	0x00000041	[  1] literal string: "test_UART_TransferSync_ReturnsNotOk_InputParamFailure_NULLbuffer"
0x10000AAE4	0x00000030	[  1] literal string: "test_UART_TransferSync_ReturnsBusy_TxFifoIsFull"
0x10000AB14	0x00000027	[  1] literal string: "test_UART_TransferSync_ReturnsOK_1Byte"
0x10000AB3B	0x00000027	[  1] literal string: "test_UART_TransferSync_ReturnsOK_8Byte"
0x10000AB62	0x0000003C	[  1] literal string: "test_UART_TransferSync_ReturnsOK_TrasnferOneMillionMessages"
0x10000AB9E	0x00000002	[  4] literal string: "\n"
0x10000ABA0	0x0000000D	[  4] literal string: "Timer_Live:\n"
0x10000ABAD	0x0000000A	[  4] literal string: "UART_LIVE"
0x10000ABB7	0x00000007	[  4] literal string: "UARTDR"
0x10000ABBE	0x00000008	[  4] literal string: "UARTRSR"
0x10000ABC6	0x00000007	[  4] literal string: "UARTFR"
0x10000ABCD	0x00000009	[  4] literal string: "UARTILPR"
0x10000ABD6	0x00000009	[  4] literal string: "UARTIBRD"
0x10000ABDF	0x00000009	[  4] literal string: "UARTFBRD"
0x10000ABE8	0x0000000A	[  4] literal string: "UARTLCR_H"
0x10000ABF2	0x00000007	[  4] literal string: "UARTCR"
0x10000ABF9	0x00000009	[  4] literal string: "UARTIFLS"
0x10000AC02	0x00000009	[  4] literal string: "UARTIMSC"
0x10000AC0B	0x00000008	[  4] literal string: "UARTRIS"
0x10000AC13	0x00000008	[  4] literal string: "UARTMIS"
0x10000AC1B	0x00000008	[  4] literal string: "UARTICR"
0x10000AC23	0x0000000A	[  4] literal string: "UARTDMACR"
0x10000AC2D	0x0000000E	[  4] literal string: "UARTPERIPHID0"
0x10000AC3B	0x0000000E	[  4] literal string: "UARTPERIPHID1"
0x10000AC49	0x0000000E	[  4] literal string: "UARTPERIPHID2"
0x10000AC57	0x0000000E	[  4] literal string: "UARTPERIPHID3"
0x10000AC65	0x0000000D	[  4] literal string: "UARTPCELLID0"
0x10000AC72	0x0000000D	[  4] literal string: "UARTPCELLID1"
0x10000AC7F	0x0000000D	[  4] literal string: "UARTPCELLID2"
0x10000AC8C	0x0000000D	[  4] literal string: "UARTPCELLID3"
0x10000AC99	0x00000011	[  4] literal string: "transmit failed\n"
0x10000ACAA	0x00000010	[  4] literal string: "%s address: %p\n"
0x10000ACBA	0x0000000E	[  4] literal string: "%s value: %p\n"
0x10000ACC8	0x00000002	[  6] literal string: "0"
0x10000ACCA	0x00000004	[  6] literal string: "nan"
0x10000ACCE	0x00000004	[  6] literal string: "inf"
0x10000ACD2	0x00000005	[  6] literal string: "INFO"
0x10000ACD8	0x0000000C	[  2] l___const.test_UART_InitSync_ReturnsNotOk_ConfigPointerIncompatible.badUARTConfig
0x10000ACE4	0x00000004	[  2] anon
0x10000ACE8	0x00000008	[  2] anon
0x10000ACF0	0x00001000	[  3] _UART_Uninit
0x10000BCF0	0x00000008	[  6] anon
0x10000BCF8	0x00000003	[  6] _UnityStrOk
0x10000BCFB	0x00000005	[  6] _UnityStrPass
0x10000BD00	0x00000005	[  6] _UnityStrFail
0x10000BD05	0x00000007	[  6] _UnityStrIgnore
0x10000BD0C	0x00000021	[  6] _UnityStrErrShorthand
0x10000BD2D	0x0000001E	[  6] _UnityStrErrFloat
0x10000BD4B	0x00000020	[  6] _UnityStrErrDouble
0x10000BD6B	0x00000021	[  6] _UnityStrErr64
0x10000BD8C	0x00000004	[  6] _UnityPrintFloat.sig_digits
0x10000BD90	0x00000004	[  6] _UnityPrintFloat.min_scaled
0x10000BD94	0x00000004	[  6] _UnityPrintFloat.max_scaled
0x10000BD98	0x0000000B	[  6] _UnityStrExpected
0x10000BDA3	0x00000006	[  6] _UnityStrWas
0x10000BDA9	0x00000015	[  6] _UnityStrGt
0x10000BDBE	0x00000012	[  6] _UnityStrLt
0x10000BDD0	0x0000000D	[  6] _UnityStrOrEqual
0x10000BDDD	0x00000015	[  6] _UnityStrNotEqual
0x10000BDF2	0x00000037	[  6] _UnityStrPointless
0x10000BE29	0x0000000A	[  6] _UnityStrElement
0x10000BE33	0x00000009	[  6] _UnityStrInf
0x10000BE3C	0x00000012	[  6] _UnityStrNegInf
0x10000BE4E	0x00000004	[  6] _UnityStrNaN
0x10000BE52	0x0000000C	[  6] _UnityStrDet
0x10000BE5E	0x00000014	[  6] _UnityStrInvalidFloatTrait
0x10000BE72	0x00000005	[  6] _UnityStrNot
0x10000BE77	0x0000001A	[  6] _UnityStrDelta
0x10000BE91	0x00000012	[  6] _UnityStrMemory
0x10000BEA3	0x00000007	[  6] _UnityStrByte
0x10000BEAA	0x0000000A	[  6] _UnityStrDetail1Name
0x10000BEB4	0x0000000B	[  6] _UnityStrDetail2Name
0x10000BEBF	0x00000003	[  6] _UnityStrSpacer
0x10000BEC2	0x00000018	[  6] _UnityStrBreaker
0x10000BEDA	0x00000008	[  6] _UnityStrResultsTests
0x10000BEE2	0x0000000B	[  6] _UnityStrResultsFailures
0x10000BEED	0x0000000A	[  6] _UnityStrResultsIgnored
0x10000BEF7	0x0000001D	[  6] _UnityStrNullPointerForExpected
0x10000BF14	0x00000019	[  6] _UnityStrNullPointerForActual
0x10000BF2D	0x00000005	[  6] _UnityStrNull
0x10000C000	0x00000008	[  9] ___stack_chk_fail.got
0x10000C008	0x00000008	[  9] ___stack_chk_guard.got
0x10000C010	0x00000008	[ 10] _aligned_alloc.got
0x10000C018	0x00000008	[ 11] _longjmp.got
0x10000C020	0x00000008	[  9] _memcpy.got
0x10000C028	0x00000008	[  9] _printf.got
0x10000C030	0x00000008	[  9] _putchar.got
0x10000C038	0x00000008	[ 11] _setjmp.got
0x10000C040	0x00000020	[  6] l___const.UnityAssertFloatSpecial.trait_names
0x100010000	0x0000000C	[  5] _UART_RP2040_CFG
0x10001000C	0x00000001	[  8] _memPoolsIdx
0x100010010	0x00001000	[  1] _UART_Live
0x100011010	0x00000008	[  1] _mempool_start
0x100011018	0x00000001	[  4] _lastByteTransmitted
0x100011020	0x00000048	[  4] _txFifo
0x100011068	0x00000110	[  6] _Unity
0x100011178	0x00000070	[  8] _memPools
0x1000111E8	0x00000008	[  6] _UnityQuickCompare
